// Jest Snapshot v1, https://goo.gl/fbAQLP

exports[`Tasks should render correctly 1`] = `
ShallowWrapper {
  "length": 1,
  Symbol(enzyme.__root__): [Circular],
  Symbol(enzyme.__unrendered__): <Tasks
    closeTask={null}
    deleteTask={null}
    edited={false}
    newTask={null}
    openTask={null}
    saveTasks={null}
    tasks={Array []}
  >
    Press
  </Tasks>,
  Symbol(enzyme.__renderer__): Object {
    "batchedUpdates": [Function],
    "getNode": [Function],
    "render": [Function],
    "simulateEvent": [Function],
    "unmount": [Function],
  },
  Symbol(enzyme.__node__): Object {
    "instance": null,
    "key": undefined,
    "nodeType": "host",
    "props": Object {
      "children": Array [
        <Toolbar
          edited={false}
          newTask={null}
          saveTasks={null}
        />,
        <TaskList
          closeTask={null}
          deleteTask={null}
          openTask={null}
          tasks={Array []}
        />,
      ],
    },
    "ref": null,
    "rendered": Array [
      Object {
        "instance": null,
        "key": undefined,
        "nodeType": "function",
        "props": Object {
          "edited": false,
          "newTask": null,
          "saveTasks": null,
        },
        "ref": null,
        "rendered": null,
        "type": [Function],
      },
      Object {
        "instance": null,
        "key": undefined,
        "nodeType": "function",
        "props": Object {
          "closeTask": null,
          "deleteTask": null,
          "openTask": null,
          "tasks": Array [],
        },
        "ref": null,
        "rendered": null,
        "type": [Function],
      },
    ],
    "type": "section",
  },
  Symbol(enzyme.__nodes__): Array [
    Object {
      "instance": null,
      "key": undefined,
      "nodeType": "host",
      "props": Object {
        "children": Array [
          <Toolbar
            edited={false}
            newTask={null}
            saveTasks={null}
          />,
          <TaskList
            closeTask={null}
            deleteTask={null}
            openTask={null}
            tasks={Array []}
          />,
        ],
      },
      "ref": null,
      "rendered": Array [
        Object {
          "instance": null,
          "key": undefined,
          "nodeType": "function",
          "props": Object {
            "edited": false,
            "newTask": null,
            "saveTasks": null,
          },
          "ref": null,
          "rendered": null,
          "type": [Function],
        },
        Object {
          "instance": null,
          "key": undefined,
          "nodeType": "function",
          "props": Object {
            "closeTask": null,
            "deleteTask": null,
            "openTask": null,
            "tasks": Array [],
          },
          "ref": null,
          "rendered": null,
          "type": [Function],
        },
      ],
      "type": "section",
    },
  ],
  Symbol(enzyme.__options__): Object {
    "adapter": ReactSixteenAdapter {
      "options": Object {
        "enableComponentDidUpdateOnSetState": true,
      },
    },
  },
}
`;
